
> frontend@0.0.0 test
> jest

node.exe : ts-jest[ts-jest-transformer] (WARN) Define `ts-jest` config under `globals` is 
deprecated. Please do
At line:1 char:1
+ & "C:\Program Files\nodejs/node.exe" "C:\Program Files\nodejs/node_mo ...
+ ~~~~~~~~~~~~~~~~~~~~~~~~~~~~~~~~~~~~~~~~~~~~~~~~~~~~~~~~~~~~~~~~~~~~~
    + CategoryInfo          : NotSpecified: (ts-jest[ts-jest...ated. Please do:String) [], Remo 
   teException
    + FullyQualifiedErrorId : NativeCommandError
 
transform: {
    <transform_regex>: ['ts-jest', { /* ts-jest config goes here in Jest */ }],
},
See more at https://kulshekhar.github.io/ts-jest/docs/getting-started/presets#advanced
ts-jest[ts-jest-transformer] (WARN) Define `ts-jest` config under `globals` is deprecated. 
Please do
transform: {
    <transform_regex>: ['ts-jest', { /* ts-jest config goes here in Jest */ }],
},
See more at https://kulshekhar.github.io/ts-jest/docs/getting-started/presets#advanced
ts-jest[ts-jest-transformer] (WARN) Define `ts-jest` config under `globals` is deprecated. 
Please do
transform: {
    <transform_regex>: ['ts-jest', { /* ts-jest config goes here in Jest */ }],
},
See more at https://kulshekhar.github.io/ts-jest/docs/getting-started/presets#advanced
ts-jest[ts-jest-transformer] (WARN) Define `ts-jest` config under `globals` is deprecated. 
Please do
transform: {
    <transform_regex>: ['ts-jest', { /* ts-jest config goes here in Jest */ }],
},
See more at https://kulshekhar.github.io/ts-jest/docs/getting-started/presets#advanced
ts-jest[ts-jest-transformer] (WARN) Define `ts-jest` config under `globals` is deprecated. 
Please do
transform: {
    <transform_regex>: ['ts-jest', { /* ts-jest config goes here in Jest */ }],
},
See more at https://kulshekhar.github.io/ts-jest/docs/getting-started/presets#advanced
ts-jest[ts-jest-transformer] (WARN) Define `ts-jest` config under `globals` is deprecated. 
Please do
transform: {
    <transform_regex>: ['ts-jest', { /* ts-jest config goes here in Jest */ }],
},
See more at https://kulshekhar.github.io/ts-jest/docs/getting-started/presets#advanced
ts-jest[ts-jest-transformer] (WARN) Define `ts-jest` config under `globals` is deprecated. 
Please do
transform: {
    <transform_regex>: ['ts-jest', { /* ts-jest config goes here in Jest */ }],
},
See more at https://kulshekhar.github.io/ts-jest/docs/getting-started/presets#advanced
ts-jest[ts-jest-transformer] (WARN) Define `ts-jest` config under `globals` is deprecated. 
Please do
transform: {
    <transform_regex>: ['ts-jest', { /* ts-jest config goes here in Jest */ }],
},
See more at https://kulshekhar.github.io/ts-jest/docs/getting-started/presets#advanced
ts-jest[ts-jest-transformer] (WARN) Define `ts-jest` config under `globals` is deprecated. 
Please do
transform: {
    <transform_regex>: ['ts-jest', { /* ts-jest config goes here in Jest */ }],
},
See more at https://kulshekhar.github.io/ts-jest/docs/getting-started/presets#advanced
FAIL src/hooks/__tests__/useTaskEvents.test.ts
  ΓùÅ Console

    console.error
      Error: Uncaught [Error: expect(jest.fn()).toHaveBeenCalledWith(...expected)
      
      Expected: "{\"action\":\"subscribe\",\"channel\":\"task_events\"}"
      
      Number of calls: 0]
          at reportException (C:\PROJECT\DISTRIBUTED TASK QUEUE 
SYSTEM\frontend\node_modules\jsdom\lib\jsdom\living\helpers\runtime-script-errors.js:66:24)
          at Timeout.task [as _onTimeout] (C:\PROJECT\DISTRIBUTED TASK QUEUE 
SYSTEM\frontend\node_modules\jsdom\lib\jsdom\browser\Window.js:584:9)
          at listOnTimeout (node:internal/timers:588:17)
          at processTimers (node:internal/timers:523:7) {
        detail: JestAssertionError: expect(jest.fn()).toHaveBeenCalledWith(...expected)
        
        Expected: "{\"action\":\"subscribe\",\"channel\":\"task_events\"}"
        
        Number of calls: 0
            at C:\PROJECT\DISTRIBUTED TASK QUEUE 
SYSTEM\frontend\src\hooks\__tests__\useTaskEvents.test.ts:92:34
            at Timeout.task [as _onTimeout] (C:\PROJECT\DISTRIBUTED TASK QUEUE 
SYSTEM\frontend\node_modules\jsdom\lib\jsdom\browser\Window.js:579:19)
            at listOnTimeout (node:internal/timers:588:17)
            at processTimers (node:internal/timers:523:7) {
          matcherResult: {
            message: 'expect(jest.fn()).toHaveBeenCalledWith(...expected)\n' +
              '\n' +
              'Expected: "{\\"action\\":\\"subscribe\\",\\"channel\\":\\"task_events\\"}"\n' +
              '\n' +
              'Number of calls: 0',
            pass: false
          }
        },
        type: 'unhandled exception'
      }

    [0m [90m 41 |[39m       [36mreturn[39m[33m;[39m
     [90m 42 |[39m     }
    [31m[1m>[22m[39m[90m 43 |[39m     originalError[33m.[39mcall(console[33m,[39m 
[33m...[39margs)[33m;[39m
     [90m    |[39m                   [31m[1m^[22m[39m
     [90m 44 |[39m   }[33m;[39m
     [90m 45 |[39m })[33m;[39m
     [90m 46 |[39m[0m

      at console.error (src/setupTests.ts:43:19)
      at VirtualConsole.<anonymous> 
(node_modules/@jest/environment-jsdom-abstract/build/index.js:87:23)
      at reportException 
(node_modules/jsdom/lib/jsdom/living/helpers/runtime-script-errors.js:70:28)
      at Timeout.task [as _onTimeout] (node_modules/jsdom/lib/jsdom/browser/Window.js:584:9)

  ΓùÅ useTaskEvents Hook ΓÇ║ should handle task completion event

    expect(jest.fn()).toHaveBeenCalledWith(...expected)

    Expected: "{\"action\":\"subscribe\",\"channel\":\"task_events\"}"

    Number of calls: 0

    [0m [90m 90 |[39m     [90m// Give a moment for the send call to be processed[39m
     [90m 91 |[39m     setTimeout(() [33m=>[39m {
    [31m[1m>[22m[39m[90m 92 |[39m       
expect(mockWebSocket[33m.[39msend)[33m.[39mtoHaveBeenCalledWith(
     [90m    |[39m                                  [31m[1m^[22m[39m
     [90m 93 |[39m         [33mJSON[39m[33m.[39mstringify({
     [90m 94 |[39m           action[33m:[39m [32m"subscribe"[39m[33m,[39m
     [90m 95 |[39m           channel[33m:[39m [32m"task_events"[39m[33m,[39m[0m

      at src/hooks/__tests__/useTaskEvents.test.ts:92:34
      at Timeout.task [as _onTimeout] (node_modules/jsdom/lib/jsdom/browser/Window.js:579:19)

PASS src/components/__tests__/RecentTasksList.test.tsx
PASS src/components/__tests__/MetricsCards.test.tsx
FAIL src/pages/__tests__/TasksPage.test.tsx
  ΓùÅ Console

    console.error
      An update to TasksPage inside a test was not wrapped in act(...).
      
      When testing, code that causes React state updates should be wrapped into act(...):
      
      act(() => {
        /* fire events that update state */
      });
      /* assert on the output */
      
      This ensures that you're testing the behavior the user would see in the browser. Learn 
more at https://react.dev/link/wrap-tests-with-act

    [0m [90m 41 |[39m       [36mreturn[39m[33m;[39m
     [90m 42 |[39m     }
    [31m[1m>[22m[39m[90m 43 |[39m     originalError[33m.[39mcall(console[33m,[39m 
[33m...[39margs)[33m;[39m
     [90m    |[39m                   [31m[1m^[22m[39m
     [90m 44 |[39m   }[33m;[39m
     [90m 45 |[39m })[33m;[39m
     [90m 46 |[39m[0m

      at console.error (src/setupTests.ts:43:19)
      at node_modules/react-dom/cjs/react-dom-client.development.js:18758:19
      at runWithFiberInDEV (node_modules/react-dom/cjs/react-dom-client.development.js:874:13)
      at warnIfUpdatesNotWrappedWithActDEV 
(node_modules/react-dom/cjs/react-dom-client.development.js:18757:9)
      at scheduleUpdateOnFiber 
(node_modules/react-dom/cjs/react-dom-client.development.js:16409:11)
      at dispatchSetStateInternal 
(node_modules/react-dom/cjs/react-dom-client.development.js:9170:13)
      at dispatchSetState (node_modules/react-dom/cjs/react-dom-client.development.js:9127:7)
      at src/pages/TasksPage.tsx:53:7

    console.error
      An update to TasksPage inside a test was not wrapped in act(...).
      
      When testing, code that causes React state updates should be wrapped into act(...):
      
      act(() => {
        /* fire events that update state */
      });
      /* assert on the output */
      
      This ensures that you're testing the behavior the user would see in the browser. Learn 
more at https://react.dev/link/wrap-tests-with-act

    [0m [90m 41 |[39m       [36mreturn[39m[33m;[39m
     [90m 42 |[39m     }
    [31m[1m>[22m[39m[90m 43 |[39m     originalError[33m.[39mcall(console[33m,[39m 
[33m...[39margs)[33m;[39m
     [90m    |[39m                   [31m[1m^[22m[39m
     [90m 44 |[39m   }[33m;[39m
     [90m 45 |[39m })[33m;[39m
     [90m 46 |[39m[0m

      at console.error (src/setupTests.ts:43:19)
      at node_modules/react-dom/cjs/react-dom-client.development.js:18758:19
      at runWithFiberInDEV (node_modules/react-dom/cjs/react-dom-client.development.js:874:13)
      at warnIfUpdatesNotWrappedWithActDEV 
(node_modules/react-dom/cjs/react-dom-client.development.js:18757:9)
      at scheduleUpdateOnFiber 
(node_modules/react-dom/cjs/react-dom-client.development.js:16409:11)
      at dispatchSetStateInternal 
(node_modules/react-dom/cjs/react-dom-client.development.js:9170:13)
      at dispatchSetState (node_modules/react-dom/cjs/react-dom-client.development.js:9127:7)
      at src/pages/TasksPage.tsx:54:7

    console.error
      An update to TasksPage inside a test was not wrapped in act(...).
      
      When testing, code that causes React state updates should be wrapped into act(...):
      
      act(() => {
        /* fire events that update state */
      });
      /* assert on the output */
      
      This ensures that you're testing the behavior the user would see in the browser. Learn 
more at https://react.dev/link/wrap-tests-with-act

    [0m [90m 41 |[39m       [36mreturn[39m[33m;[39m
     [90m 42 |[39m     }
    [31m[1m>[22m[39m[90m 43 |[39m     originalError[33m.[39mcall(console[33m,[39m 
[33m...[39margs)[33m;[39m
     [90m    |[39m                   [31m[1m^[22m[39m
     [90m 44 |[39m   }[33m;[39m
     [90m 45 |[39m })[33m;[39m
     [90m 46 |[39m[0m

      at console.error (src/setupTests.ts:43:19)
      at node_modules/react-dom/cjs/react-dom-client.development.js:18758:19
      at runWithFiberInDEV (node_modules/react-dom/cjs/react-dom-client.development.js:874:13)
      at warnIfUpdatesNotWrappedWithActDEV 
(node_modules/react-dom/cjs/react-dom-client.development.js:18757:9)
      at scheduleUpdateOnFiber 
(node_modules/react-dom/cjs/react-dom-client.development.js:16409:11)
      at dispatchSetStateInternal 
(node_modules/react-dom/cjs/react-dom-client.development.js:9170:13)
      at dispatchSetState (node_modules/react-dom/cjs/react-dom-client.development.js:9127:7)
      at src/pages/TasksPage.tsx:58:7

    console.error
      An update to TasksPage inside a test was not wrapped in act(...).
      
      When testing, code that causes React state updates should be wrapped into act(...):
      
      act(() => {
        /* fire events that update state */
      });
      /* assert on the output */
      
      This ensures that you're testing the behavior the user would see in the browser. Learn 
more at https://react.dev/link/wrap-tests-with-act

    [0m [90m 41 |[39m       [36mreturn[39m[33m;[39m
     [90m 42 |[39m     }
    [31m[1m>[22m[39m[90m 43 |[39m     originalError[33m.[39mcall(console[33m,[39m 
[33m...[39margs)[33m;[39m
     [90m    |[39m                   [31m[1m^[22m[39m
     [90m 44 |[39m   }[33m;[39m
     [90m 45 |[39m })[33m;[39m
     [90m 46 |[39m[0m

      at console.error (src/setupTests.ts:43:19)
      at node_modules/react-dom/cjs/react-dom-client.development.js:18758:19
      at runWithFiberInDEV (node_modules/react-dom/cjs/react-dom-client.development.js:874:13)
      at warnIfUpdatesNotWrappedWithActDEV 
(node_modules/react-dom/cjs/react-dom-client.development.js:18757:9)
      at scheduleUpdateOnFiber 
(node_modules/react-dom/cjs/react-dom-client.development.js:16409:11)
      at dispatchSetStateInternal 
(node_modules/react-dom/cjs/react-dom-client.development.js:9170:13)
      at dispatchSetState (node_modules/react-dom/cjs/react-dom-client.development.js:9127:7)
      at src/pages/TasksPage.tsx:53:7

    console.error
      An update to TasksPage inside a test was not wrapped in act(...).
      
      When testing, code that causes React state updates should be wrapped into act(...):
      
      act(() => {
        /* fire events that update state */
      });
      /* assert on the output */
      
      This ensures that you're testing the behavior the user would see in the browser. Learn 
more at https://react.dev/link/wrap-tests-with-act

    [0m [90m 41 |[39m       [36mreturn[39m[33m;[39m
     [90m 42 |[39m     }
    [31m[1m>[22m[39m[90m 43 |[39m     originalError[33m.[39mcall(console[33m,[39m 
[33m...[39margs)[33m;[39m
     [90m    |[39m                   [31m[1m^[22m[39m
     [90m 44 |[39m   }[33m;[39m
     [90m 45 |[39m })[33m;[39m
     [90m 46 |[39m[0m

      at console.error (src/setupTests.ts:43:19)
      at node_modules/react-dom/cjs/react-dom-client.development.js:18758:19
      at runWithFiberInDEV (node_modules/react-dom/cjs/react-dom-client.development.js:874:13)
      at warnIfUpdatesNotWrappedWithActDEV 
(node_modules/react-dom/cjs/react-dom-client.development.js:18757:9)
      at scheduleUpdateOnFiber 
(node_modules/react-dom/cjs/react-dom-client.development.js:16409:11)
      at dispatchSetStateInternal 
(node_modules/react-dom/cjs/react-dom-client.development.js:9170:13)
      at dispatchSetState (node_modules/react-dom/cjs/react-dom-client.development.js:9127:7)
      at src/pages/TasksPage.tsx:54:7

    console.error
      An update to TasksPage inside a test was not wrapped in act(...).
      
      When testing, code that causes React state updates should be wrapped into act(...):
      
      act(() => {
        /* fire events that update state */
      });
      /* assert on the output */
      
      This ensures that you're testing the behavior the user would see in the browser. Learn 
more at https://react.dev/link/wrap-tests-with-act

    [0m [90m 41 |[39m       [36mreturn[39m[33m;[39m
     [90m 42 |[39m     }
    [31m[1m>[22m[39m[90m 43 |[39m     originalError[33m.[39mcall(console[33m,[39m 
[33m...[39margs)[33m;[39m
     [90m    |[39m                   [31m[1m^[22m[39m
     [90m 44 |[39m   }[33m;[39m
     [90m 45 |[39m })[33m;[39m
     [90m 46 |[39m[0m

      at console.error (src/setupTests.ts:43:19)
      at node_modules/react-dom/cjs/react-dom-client.development.js:18758:19
      at runWithFiberInDEV (node_modules/react-dom/cjs/react-dom-client.development.js:874:13)
      at warnIfUpdatesNotWrappedWithActDEV 
(node_modules/react-dom/cjs/react-dom-client.development.js:18757:9)
      at scheduleUpdateOnFiber 
(node_modules/react-dom/cjs/react-dom-client.development.js:16409:11)
      at dispatchSetStateInternal 
(node_modules/react-dom/cjs/react-dom-client.development.js:9170:13)
      at dispatchSetState (node_modules/react-dom/cjs/react-dom-client.development.js:9127:7)
      at src/pages/TasksPage.tsx:58:7

    console.error
      An update to TasksPage inside a test was not wrapped in act(...).
      
      When testing, code that causes React state updates should be wrapped into act(...):
      
      act(() => {
        /* fire events that update state */
      });
      /* assert on the output */
      
      This ensures that you're testing the behavior the user would see in the browser. Learn 
more at https://react.dev/link/wrap-tests-with-act

    [0m [90m 41 |[39m       [36mreturn[39m[33m;[39m
     [90m 42 |[39m     }
    [31m[1m>[22m[39m[90m 43 |[39m     originalError[33m.[39mcall(console[33m,[39m 
[33m...[39margs)[33m;[39m
     [90m    |[39m                   [31m[1m^[22m[39m
     [90m 44 |[39m   }[33m;[39m
     [90m 45 |[39m })[33m;[39m
     [90m 46 |[39m[0m

      at console.error (src/setupTests.ts:43:19)
      at node_modules/react-dom/cjs/react-dom-client.development.js:18758:19
      at runWithFiberInDEV (node_modules/react-dom/cjs/react-dom-client.development.js:874:13)
      at warnIfUpdatesNotWrappedWithActDEV 
(node_modules/react-dom/cjs/react-dom-client.development.js:18757:9)
      at scheduleUpdateOnFiber 
(node_modules/react-dom/cjs/react-dom-client.development.js:16409:11)
      at dispatchSetStateInternal 
(node_modules/react-dom/cjs/react-dom-client.development.js:9170:13)
      at dispatchSetState (node_modules/react-dom/cjs/react-dom-client.development.js:9127:7)
      at src/pages/TasksPage.tsx:53:7

    console.error
      An update to TasksPage inside a test was not wrapped in act(...).
      
      When testing, code that causes React state updates should be wrapped into act(...):
      
      act(() => {
        /* fire events that update state */
      });
      /* assert on the output */
      
      This ensures that you're testing the behavior the user would see in the browser. Learn 
more at https://react.dev/link/wrap-tests-with-act

    [0m [90m 41 |[39m       [36mreturn[39m[33m;[39m
     [90m 42 |[39m     }
    [31m[1m>[22m[39m[90m 43 |[39m     originalError[33m.[39mcall(console[33m,[39m 
[33m...[39margs)[33m;[39m
     [90m    |[39m                   [31m[1m^[22m[39m
     [90m 44 |[39m   }[33m;[39m
     [90m 45 |[39m })[33m;[39m
     [90m 46 |[39m[0m

      at console.error (src/setupTests.ts:43:19)
      at node_modules/react-dom/cjs/react-dom-client.development.js:18758:19
      at runWithFiberInDEV (node_modules/react-dom/cjs/react-dom-client.development.js:874:13)
      at warnIfUpdatesNotWrappedWithActDEV 
(node_modules/react-dom/cjs/react-dom-client.development.js:18757:9)
      at scheduleUpdateOnFiber 
(node_modules/react-dom/cjs/react-dom-client.development.js:16409:11)
      at dispatchSetStateInternal 
(node_modules/react-dom/cjs/react-dom-client.development.js:9170:13)
      at dispatchSetState (node_modules/react-dom/cjs/react-dom-client.development.js:9127:7)
      at src/pages/TasksPage.tsx:54:7

    console.error
      An update to TasksPage inside a test was not wrapped in act(...).
      
      When testing, code that causes React state updates should be wrapped into act(...):
      
      act(() => {
        /* fire events that update state */
      });
      /* assert on the output */
      
      This ensures that you're testing the behavior the user would see in the browser. Learn 
more at https://react.dev/link/wrap-tests-with-act

    [0m [90m 41 |[39m       [36mreturn[39m[33m;[39m
     [90m 42 |[39m     }
    [31m[1m>[22m[39m[90m 43 |[39m     originalError[33m.[39mcall(console[33m,[39m 
[33m...[39margs)[33m;[39m
     [90m    |[39m                   [31m[1m^[22m[39m
     [90m 44 |[39m   }[33m;[39m
     [90m 45 |[39m })[33m;[39m
     [90m 46 |[39m[0m

      at console.error (src/setupTests.ts:43:19)
      at node_modules/react-dom/cjs/react-dom-client.development.js:18758:19
      at runWithFiberInDEV (node_modules/react-dom/cjs/react-dom-client.development.js:874:13)
      at warnIfUpdatesNotWrappedWithActDEV 
(node_modules/react-dom/cjs/react-dom-client.development.js:18757:9)
      at scheduleUpdateOnFiber 
(node_modules/react-dom/cjs/react-dom-client.development.js:16409:11)
      at dispatchSetStateInternal 
(node_modules/react-dom/cjs/react-dom-client.development.js:9170:13)
      at dispatchSetState (node_modules/react-dom/cjs/react-dom-client.development.js:9127:7)
      at src/pages/TasksPage.tsx:58:7

    console.error
      An update to TasksPage inside a test was not wrapped in act(...).
      
      When testing, code that causes React state updates should be wrapped into act(...):
      
      act(() => {
        /* fire events that update state */
      });
      /* assert on the output */
      
      This ensures that you're testing the behavior the user would see in the browser. Learn 
more at https://react.dev/link/wrap-tests-with-act

    [0m [90m 41 |[39m       [36mreturn[39m[33m;[39m
     [90m 42 |[39m     }
    [31m[1m>[22m[39m[90m 43 |[39m     originalError[33m.[39mcall(console[33m,[39m 
[33m...[39margs)[33m;[39m
     [90m    |[39m                   [31m[1m^[22m[39m
     [90m 44 |[39m   }[33m;[39m
     [90m 45 |[39m })[33m;[39m
     [90m 46 |[39m[0m

      at console.error (src/setupTests.ts:43:19)
      at node_modules/react-dom/cjs/react-dom-client.development.js:18758:19
      at runWithFiberInDEV (node_modules/react-dom/cjs/react-dom-client.development.js:874:13)
      at warnIfUpdatesNotWrappedWithActDEV 
(node_modules/react-dom/cjs/react-dom-client.development.js:18757:9)
      at scheduleUpdateOnFiber 
(node_modules/react-dom/cjs/react-dom-client.development.js:16409:11)
      at dispatchSetStateInternal 
(node_modules/react-dom/cjs/react-dom-client.development.js:9170:13)
      at dispatchSetState (node_modules/react-dom/cjs/react-dom-client.development.js:9127:7)
      at src/pages/TasksPage.tsx:53:7

    console.error
      An update to TasksPage inside a test was not wrapped in act(...).
      
      When testing, code that causes React state updates should be wrapped into act(...):
      
      act(() => {
        /* fire events that update state */
      });
      /* assert on the output */
      
      This ensures that you're testing the behavior the user would see in the browser. Learn 
more at https://react.dev/link/wrap-tests-with-act

    [0m [90m 41 |[39m       [36mreturn[39m[33m;[39m
     [90m 42 |[39m     }
    [31m[1m>[22m[39m[90m 43 |[39m     originalError[33m.[39mcall(console[33m,[39m 
[33m...[39margs)[33m;[39m
     [90m    |[39m                   [31m[1m^[22m[39m
     [90m 44 |[39m   }[33m;[39m
     [90m 45 |[39m })[33m;[39m
     [90m 46 |[39m[0m

      at console.error (src/setupTests.ts:43:19)
      at node_modules/react-dom/cjs/react-dom-client.development.js:18758:19
      at runWithFiberInDEV (node_modules/react-dom/cjs/react-dom-client.development.js:874:13)
      at warnIfUpdatesNotWrappedWithActDEV 
(node_modules/react-dom/cjs/react-dom-client.development.js:18757:9)
      at scheduleUpdateOnFiber 
(node_modules/react-dom/cjs/react-dom-client.development.js:16409:11)
      at dispatchSetStateInternal 
(node_modules/react-dom/cjs/react-dom-client.development.js:9170:13)
      at dispatchSetState (node_modules/react-dom/cjs/react-dom-client.development.js:9127:7)
      at src/pages/TasksPage.tsx:54:7

    console.error
      An update to TasksPage inside a test was not wrapped in act(...).
      
      When testing, code that causes React state updates should be wrapped into act(...):
      
      act(() => {
        /* fire events that update state */
      });
      /* assert on the output */
      
      This ensures that you're testing the behavior the user would see in the browser. Learn 
more at https://react.dev/link/wrap-tests-with-act

    [0m [90m 41 |[39m       [36mreturn[39m[33m;[39m
     [90m 42 |[39m     }
    [31m[1m>[22m[39m[90m 43 |[39m     originalError[33m.[39mcall(console[33m,[39m 
[33m...[39margs)[33m;[39m
     [90m    |[39m                   [31m[1m^[22m[39m
     [90m 44 |[39m   }[33m;[39m
     [90m 45 |[39m })[33m;[39m
     [90m 46 |[39m[0m

      at console.error (src/setupTests.ts:43:19)
      at node_modules/react-dom/cjs/react-dom-client.development.js:18758:19
      at runWithFiberInDEV (node_modules/react-dom/cjs/react-dom-client.development.js:874:13)
      at warnIfUpdatesNotWrappedWithActDEV 
(node_modules/react-dom/cjs/react-dom-client.development.js:18757:9)
      at scheduleUpdateOnFiber 
(node_modules/react-dom/cjs/react-dom-client.development.js:16409:11)
      at dispatchSetStateInternal 
(node_modules/react-dom/cjs/react-dom-client.development.js:9170:13)
      at dispatchSetState (node_modules/react-dom/cjs/react-dom-client.development.js:9127:7)
      at src/pages/TasksPage.tsx:58:7

  ΓùÅ TasksPage ΓÇ║ displays search bar

    TestingLibraryElementError: Unable to find an element with the placeholder text of: 
/search/i

    Ignored nodes: comments, script, style
    [36m<body>[39m
      [36m<div>[39m
        [36m<div[39m
          [33mclass[39m=[32m"space-y-6"[39m
        [36m>[39m
          [36m<div[39m
            [33mclass[39m=[32m"flex justify-between items-center"[39m
          [36m>[39m
            [36m<div>[39m
              [36m<h1[39m
                [33mclass[39m=[32m"text-3xl font-bold text-gray-900"[39m
              [36m>[39m
                [0mTasks[0m
              [36m</h1>[39m
              [36m<p[39m
                [33mclass[39m=[32m"text-gray-500 mt-1"[39m
              [36m>[39m
                [0mView and manage all tasks[0m
              [36m</p>[39m
            [36m</div>[39m
            [36m<div[39m
              [33mclass[39m=[32m"flex gap-2"[39m
            [36m>[39m
              [36m<button[39m
                [33mclass[39m=[32m"px-4 py-2 bg-primary-600 text-white rounded-lg 
hover:bg-primary-700 transition-colors disabled:opacity-50 flex items-center gap-2"[39m
                [33mdisabled[39m=[32m""[39m
              [36m>[39m
                [36m<svg[39m
                  [33maria-hidden[39m=[32m"true"[39m
                  [33mclass[39m=[32m"lucide lucide-refresh-cw animate-spin"[39m
                  [33mfill[39m=[32m"none"[39m
                  [33mheight[39m=[32m"16"[39m
                  [33mstroke[39m=[32m"currentColor"[39m
                  [33mstroke-linecap[39m=[32m"round"[39m
                  [33mstroke-linejoin[39m=[32m"round"[39m
                  [33mstroke-width[39m=[32m"2"[39m
                  [33mviewBox[39m=[32m"0 0 24 24"[39m
                  [33mwidth[39m=[32m"16"[39m
                  [33mxmlns[39m=[32m"http://www.w3.org/2000/svg"[39m
                [36m>[39m
                  [36m<path[39m
                    [33md[39m=[32m"M3 12a9 9 0 0 1 9-9 9.75 9.75 0 0 1 6.74 2.74L21 8"[39m
                  [36m/>[39m
                  [36m<path[39m
                    [33md[39m=[32m"M21 3v5h-5"[39m
                  [36m/>[39m
                  [36m<path[39m
                    [33md[39m=[32m"M21 12a9 9 0 0 1-9 9 9.75 9.75 0 0 1-6.74-2.74L3 16"[39m
                  [36m/>[39m
                  [36m<path[39m
                    [33md[39m=[32m"M8 16H3v5"[39m
                  [36m/>[39m
                [36m</svg>[39m
                [0mRefresh[0m
              [36m</button>[39m
              [36m<button[39m
                [33mclass[39m=[32m"px-4 py-2 bg-gray-100 text-gray-700 rounded-lg 
hover:bg-gray-200 transition-colors flex items-center gap-2"[39m
              [36m>[39m
                [36m<svg[39m
                  [33maria-hidden[39m=[32m"true"[39m
                  [33mclass[39m=[32m"lucide lucide-download"[39m
                  [33mfill[39m=[32m"none"[39m
                  [33mheight[39m=[32m"16"[39m
                  [33mstroke[39m=[32m"currentColor"[39m
                  [33mstroke-linecap[39m=[32m"round"[39m
                  [33mstroke-linejoin[39m=[32m"round"[39m
                  [33mstroke-width[39m=[32m"2"[39m
                  [33mviewBox[39m=[32m"0 0 24 24"[39m
                  [33mwidth[39m=[32m"16"[39m
                  [33mxmlns[39m=[32m"http://www.w3.org/2000/svg"[39m
                [36m>[39m
                  [36m<path[39m
                    [33md[39m=[32m"M12 15V3"[39m
                  [36m/>[39m
                  [36m<path[39m
                    [33md[39m=[32m"M21 15v4a2 2 0 0 1-2 2H5a2 2 0 0 1-2-2v-4"[39m
                  [36m/>[39m
                  [36m<path[39m
                    [33md[39m=[32m"m7 10 5 5 5-5"[39m
                  [36m/>[39m
                [36m</svg>[39m
                [0mExport[0m
              [36m</button>[39m
            [36m</div>[39m
          [36m</div>[39m
          [36m<div[39m
            [33mdata-testid[39m=[32m"advanced-filters"[39m
          [36m>[39m
            [0mAdvanced Filters Mock[0m
          [36m</div>[39m
          [36m<div[39m
            [33mclass[39m=[32m"bg-white rounded-lg shadow-md overflow-hidden"[39m
          [36m>[39m
            [36m<div[39m
              [33mclass[39m=[32m"overflow-x-auto"[39m
            [36m>[39m
              [36m<table[39m
                [33mclass[39m=[32m"w-full"[39m
              [36m>[39m
                [36m<thead[39m
                  [33mclass[39m=[32m"bg-gray-50 border-b"[39m
                [36m>[39m
                  [36m<tr>[39m
                    [36m<th[39m
                      [33mclass[39m=[32m"text-left py-3 px-4 text-sm font-semibold 
text-gray-700"[39m
                    [36m>[39m
                      [0mID[0m
                    [36m</th>[39m
                    [36m<th[39m
                      [33mclass[39m=[32m"text-left py-3 px-4 text-sm font-semibold 
text-gray-700"[39m
                    [36m>[39m
                      [0mTask Name[0m
                    [36m</th>[39m
                    [36m<th[39m
                      [33mclass[39m=[32m"text-left py-3 px-4 text-sm font-semibold 
text-gray-700"[39m
                    [36m>[39m
                      [0mStatus[0m
                    [36m</th>[39m
                    [36m<th[39m
                      [33mclass[39m=[32m"text-left py-3 px-4 text-sm font-semibold 
text-gray-700"[39m
                    [36m>[39m
                      [0mPriority[0m
                    [36m</th>[39m
                    [36m<th[39m
                      [33mclass[39m=[32m"text-left py-3 px-4 text-sm font-semibold 
text-gray-700"[39m
                    [36m>[39m
                      [0mWorker[0m
                    [36m</th>[39m
                    [36m<th[39m
                      [33mclass[39m=[32m"text-left py-3 px-4 text-sm font-semibold 
text-gray-700"[39m
                    [36m>[39m
                      [0mCreated At[0m
                    [36m</th>[39m
                    [36m<th[39m
                      [33mclass[39m=[32m"text-left py-3 px-4 text-sm font-semibold 
text-gray-700"[39m
                    [36m>[39m
                      [0mActions[0m
                    [36m</th>[39m
                  [36m</tr>[39m
                [36m</thead>[39m
                [36m<tbody[39m
                  [33mclass[39m=[32m"divide-y divide-gray-200"[39m
                [36m>[39m
                  [36m<tr>[39m
                    [36m<td[39m
                      [33mclass[39m=[32m"text-center py-12"[39m
                      [33mcolspan[39m=[32m"7"[39m
                    [36m>[39m
                      [36m<svg[39m
                        [33maria-hidden[39m=[32m"true"[39m
                        [33mclass[39m=[32m"lucide lucide-refresh-cw w-8 h-8 text-blue-600 
animate-spin mx-auto mb-2"[39m
                        [33mfill[39m=[32m"none"[39m
                        [33mheight[39m=[32m"24"[39m
                        [33mstroke[39m=[32m"currentColor"[39m
                        [33mstroke-linecap[39m=[32m"round"[39m
                        [33mstroke-linejoin[39m=[32m"round"[39m
                        [33mstroke-width[39m=[32m"2"[39m
                        [33mviewBox[39m=[32m"0 0 24 24"[39m
                        [33mwidth[39m=[32m"24"[39m
                        [33mxmlns[39m=[32m"http://www.w3.org/2000/svg"[39m
                      [36m>[39m
                        [36m<path[39m
                          [33md[39m=[32m"M3 12a9 9 0 0 1 9-9 9.75 9.75 0 0 1 6.74 2.74L21 
8"[39m
                        [36m/>[39m
                        [36m<path[39m
                          [33md[39m=[32m"M21 3v5h-5"[39m
                        [36m/>[39m
                        [36m<path[39m
                          [33md[39m=[32m"M21 12a9 9 0 0 1-9 9 9.75 9.75 0 0 1-6.74-2.74L3 
16"[39m
                        [36m/>[39m
                        [36m<path[39m
                          [33md[39m=[32m"M8 16H3v5"[39m
                        [36m/>[39m
                      [36m</svg>[39m
                      [36m<p[39m
                        [33mclass[39m=[32m"text-gray-600"[39m
                      [36m>[39m
                        [0mLoading tasks...[0m
                      [36m</p>[39m
                    [36m</td>[39m
                  [36m</tr>[39m
                [36m</tbody>[39m
              [36m</table>[39m
            [36m</div>[39m
          [36m</div>[39m
        [36m</div>[39m
      [36m</div>[39m
    [36m</body>[39m

    [0m [90m 63 |[39m   it([32m"displays search bar"[39m[33m,[39m () [33m=>[39m {
     [90m 64 |[39m     render([33m<[39m[33mTasksPage[39m 
[33m/[39m[33m>[39m)[33m;[39m
    [31m[1m>[22m[39m[90m 65 |[39m     [36mconst[39m searchInput [33m=[39m 
screen[33m.[39mgetByPlaceholderText([35m/search/i[39m)[33m;[39m
     [90m    |[39m                                [31m[1m^[22m[39m
     [90m 66 |[39m     expect(searchInput)[33m.[39mtoBeInTheDocument()[33m;[39m
     [90m 67 |[39m   })[33m;[39m
     [90m 68 |[39m[0m

      at Object.getElementError (node_modules/@testing-library/dom/dist/config.js:37:19)
      at node_modules/@testing-library/dom/dist/query-helpers.js:76:38
      at node_modules/@testing-library/dom/dist/query-helpers.js:52:17
      at node_modules/@testing-library/dom/dist/query-helpers.js:95:19
      at Object.<anonymous> (src/pages/__tests__/TasksPage.test.tsx:65:32)

PASS src/hooks/__tests__/useMetrics.test.ts
  ΓùÅ Console

    console.log
      WebSocket disconnected

      at MockWebSocket.ws.onclose (src/hooks/useWebSocket.ts:69:17)

    console.error
      Max reconnection attempts reached

    [0m [90m 41 |[39m       [36mreturn[39m[33m;[39m
     [90m 42 |[39m     }
    [31m[1m>[22m[39m[90m 43 |[39m     originalError[33m.[39mcall(console[33m,[39m 
[33m...[39margs)[33m;[39m
     [90m    |[39m                   [31m[1m^[22m[39m
     [90m 44 |[39m   }[33m;[39m
     [90m 45 |[39m })[33m;[39m
     [90m 46 |[39m[0m

      at console.error (src/setupTests.ts:43:19)
      at MockWebSocket.ws.onclose (src/hooks/useWebSocket.ts:84:19)
      at MockWebSocket.close (src/hooks/__tests__/useMetrics.test.ts:37:19)
      at src/hooks/useWebSocket.ts:106:21
      at src/hooks/useWebSocket.ts:128:7
      at Object.react_stack_bottom_frame 
(node_modules/react-dom/cjs/react-dom-client.development.js:26001:13)
      at runWithFiberInDEV (node_modules/react-dom/cjs/react-dom-client.development.js:874:13)
      at commitHookEffectListUnmount 
(node_modules/react-dom/cjs/react-dom-client.development.js:13316:17)
      at commitHookPassiveUnmountEffects 
(node_modules/react-dom/cjs/react-dom-client.development.js:13347:11)
      at commitPassiveUnmountOnFiber 
(node_modules/react-dom/cjs/react-dom-client.development.js:16119:13)
      at recursivelyTraversePassiveUnmountEffects 
(node_modules/react-dom/cjs/react-dom-client.development.js:16105:11)
      at commitPassiveUnmountOnFiber 
(node_modules/react-dom/cjs/react-dom-client.development.js:16127:11)
      at flushPassiveEffects 
(node_modules/react-dom/cjs/react-dom-client.development.js:18428:9)
      at node_modules/react-dom/cjs/react-dom-client.development.js:17923:15
      at performWorkUntilDeadline (node_modules/scheduler/cjs/scheduler.development.js:45:48)
      at Timeout.task [as _onTimeout] (node_modules/jsdom/lib/jsdom/browser/Window.js:579:19)

    console.log
      WebSocket disconnected

      at MockWebSocket.ws.onclose (src/hooks/useWebSocket.ts:69:17)

    console.error
      Max reconnection attempts reached

    [0m [90m 41 |[39m       [36mreturn[39m[33m;[39m
     [90m 42 |[39m     }
    [31m[1m>[22m[39m[90m 43 |[39m     originalError[33m.[39mcall(console[33m,[39m 
[33m...[39margs)[33m;[39m
     [90m    |[39m                   [31m[1m^[22m[39m
     [90m 44 |[39m   }[33m;[39m
     [90m 45 |[39m })[33m;[39m
     [90m 46 |[39m[0m

      at console.error (src/setupTests.ts:43:19)
      at MockWebSocket.ws.onclose (src/hooks/useWebSocket.ts:84:19)
      at MockWebSocket.close (src/hooks/__tests__/useMetrics.test.ts:37:19)
      at src/hooks/useWebSocket.ts:106:21
      at src/hooks/useWebSocket.ts:128:7
      at Object.react_stack_bottom_frame 
(node_modules/react-dom/cjs/react-dom-client.development.js:26001:13)
      at runWithFiberInDEV (node_modules/react-dom/cjs/react-dom-client.development.js:874:13)
      at commitHookEffectListUnmount 
(node_modules/react-dom/cjs/react-dom-client.development.js:13316:17)
      at commitHookPassiveUnmountEffects 
(node_modules/react-dom/cjs/react-dom-client.development.js:13347:11)
      at commitPassiveUnmountOnFiber 
(node_modules/react-dom/cjs/react-dom-client.development.js:16119:13)
      at recursivelyTraversePassiveUnmountEffects 
(node_modules/react-dom/cjs/react-dom-client.development.js:16105:11)
      at commitPassiveUnmountOnFiber 
(node_modules/react-dom/cjs/react-dom-client.development.js:16127:11)
      at flushPassiveEffects 
(node_modules/react-dom/cjs/react-dom-client.development.js:18428:9)
      at node_modules/react-dom/cjs/react-dom-client.development.js:17923:15
      at performWorkUntilDeadline (node_modules/scheduler/cjs/scheduler.development.js:45:48)
      at Timeout.task [as _onTimeout] (node_modules/jsdom/lib/jsdom/browser/Window.js:579:19)

    console.log
      WebSocket disconnected

      at MockWebSocket.ws.onclose (src/hooks/useWebSocket.ts:69:17)
          at Array.forEach (<anonymous>)

    console.error
      Max reconnection attempts reached

    [0m [90m 41 |[39m       [36mreturn[39m[33m;[39m
     [90m 42 |[39m     }
    [31m[1m>[22m[39m[90m 43 |[39m     originalError[33m.[39mcall(console[33m,[39m 
[33m...[39margs)[33m;[39m
     [90m    |[39m                   [31m[1m^[22m[39m
     [90m 44 |[39m   }[33m;[39m
     [90m 45 |[39m })[33m;[39m
     [90m 46 |[39m[0m

      at console.error (src/setupTests.ts:43:19)
      at MockWebSocket.ws.onclose (src/hooks/useWebSocket.ts:84:19)
      at MockWebSocket.close (src/hooks/__tests__/useMetrics.test.ts:37:19)
      at src/hooks/useWebSocket.ts:106:21
      at src/hooks/useWebSocket.ts:128:7
      at Object.react_stack_bottom_frame 
(node_modules/react-dom/cjs/react-dom-client.development.js:26001:13)
      at runWithFiberInDEV (node_modules/react-dom/cjs/react-dom-client.development.js:874:13)
      at commitHookEffectListUnmount 
(node_modules/react-dom/cjs/react-dom-client.development.js:13316:17)
      at commitHookPassiveUnmountEffects 
(node_modules/react-dom/cjs/react-dom-client.development.js:13347:11)
      at commitPassiveUnmountEffectsInsideOfDeletedTree_begin 
(node_modules/react-dom/cjs/react-dom-client.development.js:16264:13)
      at recursivelyTraversePassiveUnmountEffects 
(node_modules/react-dom/cjs/react-dom-client.development.js:16085:13)
      at commitPassiveUnmountOnFiber 
(node_modules/react-dom/cjs/react-dom-client.development.js:16127:11)
      at flushPassiveEffects 
(node_modules/react-dom/cjs/react-dom-client.development.js:18428:9)
      at flushPendingEffects 
(node_modules/react-dom/cjs/react-dom-client.development.js:18358:14)
      at flushSpawnedWork (node_modules/react-dom/cjs/react-dom-client.development.js:18323:44)
      at commitRoot (node_modules/react-dom/cjs/react-dom-client.development.js:17955:9)
      at performWorkOnRoot (node_modules/react-dom/cjs/react-dom-client.development.js:16667:15)
      at performSyncWorkOnRoot 
(node_modules/react-dom/cjs/react-dom-client.development.js:18972:7)
      at flushSyncWorkAcrossRoots_impl 
(node_modules/react-dom/cjs/react-dom-client.development.js:18814:21)
      at flushSyncWork$1 (node_modules/react-dom/cjs/react-dom-client.development.js:16898:12)
      at ReactDOMRoot.process.env.NODE_ENV.ReactDOMHydrationRoot.unmount.ReactDOMRoot.unmount 
[as unmount] (node_modules/react-dom/cjs/react-dom-client.development.js:27911:11)
      at Object.unmount (node_modules/@testing-library/react/dist/pure.js:163:12)
      at node_modules/@testing-library/react/dist/pure.js:307:12
      at node_modules/@testing-library/react/dist/act-compat.js:47:24
      at process.env.NODE_ENV.exports.act (node_modules/react/cjs/react.development.js:814:22)
      at node_modules/@testing-library/react/dist/act-compat.js:46:25
      at node_modules/@testing-library/react/dist/pure.js:306:28
          at Array.forEach (<anonymous>)
      at cleanup (node_modules/@testing-library/react/dist/pure.js:302:22)
      at Object.<anonymous> (node_modules/@testing-library/react/dist/index.js:28:25)

    console.error
      Failed to fetch metrics: Error: API Error
          at Object.<anonymous> (C:\PROJECT\DISTRIBUTED TASK QUEUE 
SYSTEM\frontend\src\hooks\__tests__\useMetrics.test.ts:86:23)
          at Promise.finally.completed (C:\PROJECT\DISTRIBUTED TASK QUEUE 
SYSTEM\frontend\node_modules\jest-circus\build\jestAdapterInit.js:1557:28)
          at new Promise (<anonymous>)
          at callAsyncCircusFn (C:\PROJECT\DISTRIBUTED TASK QUEUE 
SYSTEM\frontend\node_modules\jest-circus\build\jestAdapterInit.js:1497:10)
          at _callCircusTest (C:\PROJECT\DISTRIBUTED TASK QUEUE 
SYSTEM\frontend\node_modules\jest-circus\build\jestAdapterInit.js:1007:40)
          at _runTest (C:\PROJECT\DISTRIBUTED TASK QUEUE 
SYSTEM\frontend\node_modules\jest-circus\build\jestAdapterInit.js:947:3)
          at C:\PROJECT\DISTRIBUTED TASK QUEUE 
SYSTEM\frontend\node_modules\jest-circus\build\jestAdapterInit.js:849:7
          at _runTestsForDescribeBlock (C:\PROJECT\DISTRIBUTED TASK QUEUE 
SYSTEM\frontend\node_modules\jest-circus\build\jestAdapterInit.js:862:11)
          at _runTestsForDescribeBlock (C:\PROJECT\DISTRIBUTED TASK QUEUE 
SYSTEM\frontend\node_modules\jest-circus\build\jestAdapterInit.js:857:11)
          at run (C:\PROJECT\DISTRIBUTED TASK QUEUE 
SYSTEM\frontend\node_modules\jest-circus\build\jestAdapterInit.js:761:3)
          at runAndTransformResultsToJestFormat (C:\PROJECT\DISTRIBUTED TASK QUEUE 
SYSTEM\frontend\node_modules\jest-circus\build\jestAdapterInit.js:1918:21)
          at jestAdapter (C:\PROJECT\DISTRIBUTED TASK QUEUE 
SYSTEM\frontend\node_modules\jest-circus\build\runner.js:101:19)
          at runTestInternal (C:\PROJECT\DISTRIBUTED TASK QUEUE 
SYSTEM\frontend\node_modules\jest-runner\build\testWorker.js:275:16)
          at runTest (C:\PROJECT\DISTRIBUTED TASK QUEUE 
SYSTEM\frontend\node_modules\jest-runner\build\testWorker.js:343:7)
          at Object.worker (C:\PROJECT\DISTRIBUTED TASK QUEUE 
SYSTEM\frontend\node_modules\jest-runner\build\testWorker.js:497:12)

    [0m [90m 41 |[39m       [36mreturn[39m[33m;[39m
     [90m 42 |[39m     }
    [31m[1m>[22m[39m[90m 43 |[39m     originalError[33m.[39mcall(console[33m,[39m 
[33m...[39margs)[33m;[39m
     [90m    |[39m                   [31m[1m^[22m[39m
     [90m 44 |[39m   }[33m;[39m
     [90m 45 |[39m })[33m;[39m
     [90m 46 |[39m[0m

      at console.error (src/setupTests.ts:43:19)
      at src/hooks/useMetrics.ts:110:15

    console.log
      WebSocket disconnected

      at MockWebSocket.ws.onclose (src/hooks/useWebSocket.ts:69:17)

    console.error
      Max reconnection attempts reached

    [0m [90m 41 |[39m       [36mreturn[39m[33m;[39m
     [90m 42 |[39m     }
    [31m[1m>[22m[39m[90m 43 |[39m     originalError[33m.[39mcall(console[33m,[39m 
[33m...[39margs)[33m;[39m
     [90m    |[39m                   [31m[1m^[22m[39m
     [90m 44 |[39m   }[33m;[39m
     [90m 45 |[39m })[33m;[39m
     [90m 46 |[39m[0m

      at console.error (src/setupTests.ts:43:19)
      at MockWebSocket.ws.onclose (src/hooks/useWebSocket.ts:84:19)
      at MockWebSocket.close (src/hooks/__tests__/useMetrics.test.ts:37:19)
      at src/hooks/useWebSocket.ts:106:21
      at src/hooks/useWebSocket.ts:128:7
      at Object.react_stack_bottom_frame 
(node_modules/react-dom/cjs/react-dom-client.development.js:26001:13)
      at runWithFiberInDEV (node_modules/react-dom/cjs/react-dom-client.development.js:874:13)
      at commitHookEffectListUnmount 
(node_modules/react-dom/cjs/react-dom-client.development.js:13316:17)
      at commitHookPassiveUnmountEffects 
(node_modules/react-dom/cjs/react-dom-client.development.js:13347:11)
      at commitPassiveUnmountOnFiber 
(node_modules/react-dom/cjs/react-dom-client.development.js:16119:13)
      at recursivelyTraversePassiveUnmountEffects 
(node_modules/react-dom/cjs/react-dom-client.development.js:16105:11)
      at commitPassiveUnmountOnFiber 
(node_modules/react-dom/cjs/react-dom-client.development.js:16127:11)
      at flushPassiveEffects 
(node_modules/react-dom/cjs/react-dom-client.development.js:18428:9)
      at node_modules/react-dom/cjs/react-dom-client.development.js:17923:15
      at performWorkUntilDeadline (node_modules/scheduler/cjs/scheduler.development.js:45:48)
      at Timeout.task [as _onTimeout] (node_modules/jsdom/lib/jsdom/browser/Window.js:579:19)

    console.log
      WebSocket disconnected

      at MockWebSocket.ws.onclose (src/hooks/useWebSocket.ts:69:17)

    console.error
      Max reconnection attempts reached

    [0m [90m 41 |[39m       [36mreturn[39m[33m;[39m
     [90m 42 |[39m     }
    [31m[1m>[22m[39m[90m 43 |[39m     originalError[33m.[39mcall(console[33m,[39m 
[33m...[39margs)[33m;[39m
     [90m    |[39m                   [31m[1m^[22m[39m
     [90m 44 |[39m   }[33m;[39m
     [90m 45 |[39m })[33m;[39m
     [90m 46 |[39m[0m

      at console.error (src/setupTests.ts:43:19)
      at MockWebSocket.ws.onclose (src/hooks/useWebSocket.ts:84:19)
      at MockWebSocket.close (src/hooks/__tests__/useMetrics.test.ts:37:19)
      at src/hooks/useWebSocket.ts:106:21
      at src/hooks/useWebSocket.ts:128:7
      at Object.react_stack_bottom_frame 
(node_modules/react-dom/cjs/react-dom-client.development.js:26001:13)
      at runWithFiberInDEV (node_modules/react-dom/cjs/react-dom-client.development.js:874:13)
      at commitHookEffectListUnmount 
(node_modules/react-dom/cjs/react-dom-client.development.js:13316:17)
      at commitHookPassiveUnmountEffects 
(node_modules/react-dom/cjs/react-dom-client.development.js:13347:11)
      at commitPassiveUnmountOnFiber 
(node_modules/react-dom/cjs/react-dom-client.development.js:16119:13)
      at recursivelyTraversePassiveUnmountEffects 
(node_modules/react-dom/cjs/react-dom-client.development.js:16105:11)
      at commitPassiveUnmountOnFiber 
(node_modules/react-dom/cjs/react-dom-client.development.js:16127:11)
      at flushPassiveEffects 
(node_modules/react-dom/cjs/react-dom-client.development.js:18428:9)
      at node_modules/react-dom/cjs/react-dom-client.development.js:17923:15
      at performWorkUntilDeadline (node_modules/scheduler/cjs/scheduler.development.js:45:48)
      at Timeout.task [as _onTimeout] (node_modules/jsdom/lib/jsdom/browser/Window.js:579:19)

    console.log
      WebSocket disconnected

      at MockWebSocket.ws.onclose (src/hooks/useWebSocket.ts:69:17)
          at Array.forEach (<anonymous>)

    console.error
      Max reconnection attempts reached

    [0m [90m 41 |[39m       [36mreturn[39m[33m;[39m
     [90m 42 |[39m     }
    [31m[1m>[22m[39m[90m 43 |[39m     originalError[33m.[39mcall(console[33m,[39m 
[33m...[39margs)[33m;[39m
     [90m    |[39m                   [31m[1m^[22m[39m
     [90m 44 |[39m   }[33m;[39m
     [90m 45 |[39m })[33m;[39m
     [90m 46 |[39m[0m

      at console.error (src/setupTests.ts:43:19)
      at MockWebSocket.ws.onclose (src/hooks/useWebSocket.ts:84:19)
      at MockWebSocket.close (src/hooks/__tests__/useMetrics.test.ts:37:19)
      at src/hooks/useWebSocket.ts:106:21
      at src/hooks/useWebSocket.ts:128:7
      at Object.react_stack_bottom_frame 
(node_modules/react-dom/cjs/react-dom-client.development.js:26001:13)
      at runWithFiberInDEV (node_modules/react-dom/cjs/react-dom-client.development.js:874:13)
      at commitHookEffectListUnmount 
(node_modules/react-dom/cjs/react-dom-client.development.js:13316:17)
      at commitHookPassiveUnmountEffects 
(node_modules/react-dom/cjs/react-dom-client.development.js:13347:11)
      at commitPassiveUnmountEffectsInsideOfDeletedTree_begin 
(node_modules/react-dom/cjs/react-dom-client.development.js:16264:13)
      at recursivelyTraversePassiveUnmountEffects 
(node_modules/react-dom/cjs/react-dom-client.development.js:16085:13)
      at commitPassiveUnmountOnFiber 
(node_modules/react-dom/cjs/react-dom-client.development.js:16127:11)
      at flushPassiveEffects 
(node_modules/react-dom/cjs/react-dom-client.development.js:18428:9)
      at flushPendingEffects 
(node_modules/react-dom/cjs/react-dom-client.development.js:18358:14)
      at flushSpawnedWork (node_modules/react-dom/cjs/react-dom-client.development.js:18323:44)
      at commitRoot (node_modules/react-dom/cjs/react-dom-client.development.js:17955:9)
      at performWorkOnRoot (node_modules/react-dom/cjs/react-dom-client.development.js:16667:15)
      at performSyncWorkOnRoot 
(node_modules/react-dom/cjs/react-dom-client.development.js:18972:7)
      at flushSyncWorkAcrossRoots_impl 
(node_modules/react-dom/cjs/react-dom-client.development.js:18814:21)
      at flushSyncWork$1 (node_modules/react-dom/cjs/react-dom-client.development.js:16898:12)
      at ReactDOMRoot.process.env.NODE_ENV.ReactDOMHydrationRoot.unmount.ReactDOMRoot.unmount 
[as unmount] (node_modules/react-dom/cjs/react-dom-client.development.js:27911:11)
      at Object.unmount (node_modules/@testing-library/react/dist/pure.js:163:12)
      at node_modules/@testing-library/react/dist/pure.js:307:12
      at node_modules/@testing-library/react/dist/act-compat.js:47:24
      at process.env.NODE_ENV.exports.act (node_modules/react/cjs/react.development.js:814:22)
      at node_modules/@testing-library/react/dist/act-compat.js:46:25
      at node_modules/@testing-library/react/dist/pure.js:306:28
          at Array.forEach (<anonymous>)
      at cleanup (node_modules/@testing-library/react/dist/pure.js:302:22)
      at Object.<anonymous> (node_modules/@testing-library/react/dist/index.js:28:25)

    console.log
      WebSocket disconnected

      at MockWebSocket.ws.onclose (src/hooks/useWebSocket.ts:69:17)

    console.error
      Max reconnection attempts reached

    [0m [90m 41 |[39m       [36mreturn[39m[33m;[39m
     [90m 42 |[39m     }
    [31m[1m>[22m[39m[90m 43 |[39m     originalError[33m.[39mcall(console[33m,[39m 
[33m...[39margs)[33m;[39m
     [90m    |[39m                   [31m[1m^[22m[39m
     [90m 44 |[39m   }[33m;[39m
     [90m 45 |[39m })[33m;[39m
     [90m 46 |[39m[0m

      at console.error (src/setupTests.ts:43:19)
      at MockWebSocket.ws.onclose (src/hooks/useWebSocket.ts:84:19)
      at MockWebSocket.close (src/hooks/__tests__/useMetrics.test.ts:37:19)
      at src/hooks/useWebSocket.ts:106:21
      at src/hooks/useWebSocket.ts:128:7
      at Object.react_stack_bottom_frame 
(node_modules/react-dom/cjs/react-dom-client.development.js:26001:13)
      at runWithFiberInDEV (node_modules/react-dom/cjs/react-dom-client.development.js:874:13)
      at commitHookEffectListUnmount 
(node_modules/react-dom/cjs/react-dom-client.development.js:13316:17)
      at commitHookPassiveUnmountEffects 
(node_modules/react-dom/cjs/react-dom-client.development.js:13347:11)
      at commitPassiveUnmountOnFiber 
(node_modules/react-dom/cjs/react-dom-client.development.js:16119:13)
      at recursivelyTraversePassiveUnmountEffects 
(node_modules/react-dom/cjs/react-dom-client.development.js:16105:11)
      at commitPassiveUnmountOnFiber 
(node_modules/react-dom/cjs/react-dom-client.development.js:16127:11)
      at flushPassiveEffects 
(node_modules/react-dom/cjs/react-dom-client.development.js:18428:9)
      at node_modules/react-dom/cjs/react-dom-client.development.js:17923:15
      at performWorkUntilDeadline (node_modules/scheduler/cjs/scheduler.development.js:45:48)
      at Timeout.task [as _onTimeout] (node_modules/jsdom/lib/jsdom/browser/Window.js:579:19)

    console.log
      WebSocket disconnected

      at MockWebSocket.ws.onclose (src/hooks/useWebSocket.ts:69:17)

    console.error
      Max reconnection attempts reached

    [0m [90m 41 |[39m       [36mreturn[39m[33m;[39m
     [90m 42 |[39m     }
    [31m[1m>[22m[39m[90m 43 |[39m     originalError[33m.[39mcall(console[33m,[39m 
[33m...[39margs)[33m;[39m
     [90m    |[39m                   [31m[1m^[22m[39m
     [90m 44 |[39m   }[33m;[39m
     [90m 45 |[39m })[33m;[39m
     [90m 46 |[39m[0m

      at console.error (src/setupTests.ts:43:19)
      at MockWebSocket.ws.onclose (src/hooks/useWebSocket.ts:84:19)
      at MockWebSocket.close (src/hooks/__tests__/useMetrics.test.ts:37:19)
      at src/hooks/useWebSocket.ts:106:21
      at src/hooks/useWebSocket.ts:128:7
      at Object.react_stack_bottom_frame 
(node_modules/react-dom/cjs/react-dom-client.development.js:26001:13)
      at runWithFiberInDEV (node_modules/react-dom/cjs/react-dom-client.development.js:874:13)
      at commitHookEffectListUnmount 
(node_modules/react-dom/cjs/react-dom-client.development.js:13316:17)
      at commitHookPassiveUnmountEffects 
(node_modules/react-dom/cjs/react-dom-client.development.js:13347:11)
      at commitPassiveUnmountOnFiber 
(node_modules/react-dom/cjs/react-dom-client.development.js:16119:13)
      at recursivelyTraversePassiveUnmountEffects 
(node_modules/react-dom/cjs/react-dom-client.development.js:16105:11)
      at commitPassiveUnmountOnFiber 
(node_modules/react-dom/cjs/react-dom-client.development.js:16127:11)
      at flushPassiveEffects 
(node_modules/react-dom/cjs/react-dom-client.development.js:18428:9)
      at node_modules/react-dom/cjs/react-dom-client.development.js:17923:15
      at performWorkUntilDeadline (node_modules/scheduler/cjs/scheduler.development.js:45:48)
      at Timeout.task [as _onTimeout] (node_modules/jsdom/lib/jsdom/browser/Window.js:579:19)

    console.log
      WebSocket disconnected

      at MockWebSocket.ws.onclose (src/hooks/useWebSocket.ts:69:17)
          at Array.forEach (<anonymous>)

    console.error
      Max reconnection attempts reached

    [0m [90m 41 |[39m       [36mreturn[39m[33m;[39m
     [90m 42 |[39m     }
    [31m[1m>[22m[39m[90m 43 |[39m     originalError[33m.[39mcall(console[33m,[39m 
[33m...[39margs)[33m;[39m
     [90m    |[39m                   [31m[1m^[22m[39m
     [90m 44 |[39m   }[33m;[39m
     [90m 45 |[39m })[33m;[39m
     [90m 46 |[39m[0m

      at console.error (src/setupTests.ts:43:19)
      at MockWebSocket.ws.onclose (src/hooks/useWebSocket.ts:84:19)
      at MockWebSocket.close (src/hooks/__tests__/useMetrics.test.ts:37:19)
      at src/hooks/useWebSocket.ts:106:21
      at src/hooks/useWebSocket.ts:128:7
      at Object.react_stack_bottom_frame 
(node_modules/react-dom/cjs/react-dom-client.development.js:26001:13)
      at runWithFiberInDEV (node_modules/react-dom/cjs/react-dom-client.development.js:874:13)
      at commitHookEffectListUnmount 
(node_modules/react-dom/cjs/react-dom-client.development.js:13316:17)
      at commitHookPassiveUnmountEffects 
(node_modules/react-dom/cjs/react-dom-client.development.js:13347:11)
      at commitPassiveUnmountEffectsInsideOfDeletedTree_begin 
(node_modules/react-dom/cjs/react-dom-client.development.js:16264:13)
      at recursivelyTraversePassiveUnmountEffects 
(node_modules/react-dom/cjs/react-dom-client.development.js:16085:13)
      at commitPassiveUnmountOnFiber 
(node_modules/react-dom/cjs/react-dom-client.development.js:16127:11)
      at flushPassiveEffects 
(node_modules/react-dom/cjs/react-dom-client.development.js:18428:9)
      at flushPendingEffects 
(node_modules/react-dom/cjs/react-dom-client.development.js:18358:14)
      at flushSpawnedWork (node_modules/react-dom/cjs/react-dom-client.development.js:18323:44)
      at commitRoot (node_modules/react-dom/cjs/react-dom-client.development.js:17955:9)
      at performWorkOnRoot (node_modules/react-dom/cjs/react-dom-client.development.js:16667:15)
      at performSyncWorkOnRoot 
(node_modules/react-dom/cjs/react-dom-client.development.js:18972:7)
      at flushSyncWorkAcrossRoots_impl 
(node_modules/react-dom/cjs/react-dom-client.development.js:18814:21)
      at flushSyncWork$1 (node_modules/react-dom/cjs/react-dom-client.development.js:16898:12)
      at ReactDOMRoot.process.env.NODE_ENV.ReactDOMHydrationRoot.unmount.ReactDOMRoot.unmount 
[as unmount] (node_modules/react-dom/cjs/react-dom-client.development.js:27911:11)
      at Object.unmount (node_modules/@testing-library/react/dist/pure.js:163:12)
      at node_modules/@testing-library/react/dist/pure.js:307:12
      at node_modules/@testing-library/react/dist/act-compat.js:47:24
      at process.env.NODE_ENV.exports.act (node_modules/react/cjs/react.development.js:814:22)
      at node_modules/@testing-library/react/dist/act-compat.js:46:25
      at node_modules/@testing-library/react/dist/pure.js:306:28
          at Array.forEach (<anonymous>)
      at cleanup (node_modules/@testing-library/react/dist/pure.js:302:22)
      at Object.<anonymous> (node_modules/@testing-library/react/dist/index.js:28:25)

    console.log
      WebSocket disconnected

      at MockWebSocket.ws.onclose (src/hooks/useWebSocket.ts:69:17)

    console.error
      Max reconnection attempts reached

    [0m [90m 41 |[39m       [36mreturn[39m[33m;[39m
     [90m 42 |[39m     }
    [31m[1m>[22m[39m[90m 43 |[39m     originalError[33m.[39mcall(console[33m,[39m 
[33m...[39margs)[33m;[39m
     [90m    |[39m                   [31m[1m^[22m[39m
     [90m 44 |[39m   }[33m;[39m
     [90m 45 |[39m })[33m;[39m
     [90m 46 |[39m[0m

      at console.error (src/setupTests.ts:43:19)
      at MockWebSocket.ws.onclose (src/hooks/useWebSocket.ts:84:19)
      at MockWebSocket.close (src/hooks/__tests__/useMetrics.test.ts:37:19)
      at src/hooks/useWebSocket.ts:106:21
      at src/hooks/useWebSocket.ts:128:7
      at Object.react_stack_bottom_frame 
(node_modules/react-dom/cjs/react-dom-client.development.js:26001:13)
      at runWithFiberInDEV (node_modules/react-dom/cjs/react-dom-client.development.js:874:13)
      at commitHookEffectListUnmount 
(node_modules/react-dom/cjs/react-dom-client.development.js:13316:17)
      at commitHookPassiveUnmountEffects 
(node_modules/react-dom/cjs/react-dom-client.development.js:13347:11)
      at commitPassiveUnmountOnFiber 
(node_modules/react-dom/cjs/react-dom-client.development.js:16119:13)
      at recursivelyTraversePassiveUnmountEffects 
(node_modules/react-dom/cjs/react-dom-client.development.js:16105:11)
      at commitPassiveUnmountOnFiber 
(node_modules/react-dom/cjs/react-dom-client.development.js:16127:11)
      at flushPassiveEffects 
(node_modules/react-dom/cjs/react-dom-client.development.js:18428:9)
      at node_modules/react-dom/cjs/react-dom-client.development.js:17923:15
      at performWorkUntilDeadline (node_modules/scheduler/cjs/scheduler.development.js:45:48)
      at Timeout.task [as _onTimeout] (node_modules/jsdom/lib/jsdom/browser/Window.js:579:19)

    console.log
      WebSocket disconnected

      at MockWebSocket.ws.onclose (src/hooks/useWebSocket.ts:69:17)

    console.error
      Max reconnection attempts reached

    [0m [90m 41 |[39m       [36mreturn[39m[33m;[39m
     [90m 42 |[39m     }
    [31m[1m>[22m[39m[90m 43 |[39m     originalError[33m.[39mcall(console[33m,[39m 
[33m...[39margs)[33m;[39m
     [90m    |[39m                   [31m[1m^[22m[39m
     [90m 44 |[39m   }[33m;[39m
     [90m 45 |[39m })[33m;[39m
     [90m 46 |[39m[0m

      at console.error (src/setupTests.ts:43:19)
      at MockWebSocket.ws.onclose (src/hooks/useWebSocket.ts:84:19)
      at MockWebSocket.close (src/hooks/__tests__/useMetrics.test.ts:37:19)
      at src/hooks/useWebSocket.ts:106:21
      at src/hooks/useWebSocket.ts:128:7
      at Object.react_stack_bottom_frame 
(node_modules/react-dom/cjs/react-dom-client.development.js:26001:13)
      at runWithFiberInDEV (node_modules/react-dom/cjs/react-dom-client.development.js:874:13)
      at commitHookEffectListUnmount 
(node_modules/react-dom/cjs/react-dom-client.development.js:13316:17)
      at commitHookPassiveUnmountEffects 
(node_modules/react-dom/cjs/react-dom-client.development.js:13347:11)
      at commitPassiveUnmountOnFiber 
(node_modules/react-dom/cjs/react-dom-client.development.js:16119:13)
      at recursivelyTraversePassiveUnmountEffects 
(node_modules/react-dom/cjs/react-dom-client.development.js:16105:11)
      at commitPassiveUnmountOnFiber 
(node_modules/react-dom/cjs/react-dom-client.development.js:16127:11)
      at flushPassiveEffects 
(node_modules/react-dom/cjs/react-dom-client.development.js:18428:9)
      at node_modules/react-dom/cjs/react-dom-client.development.js:17923:15
      at performWorkUntilDeadline (node_modules/scheduler/cjs/scheduler.development.js:45:48)
      at Timeout.task [as _onTimeout] (node_modules/jsdom/lib/jsdom/browser/Window.js:579:19)

    console.error
      An update to TestComponent inside a test was not wrapped in act(...).
      
      When testing, code that causes React state updates should be wrapped into act(...):
      
      act(() => {
        /* fire events that update state */
      });
      /* assert on the output */
      
      This ensures that you're testing the behavior the user would see in the browser. Learn 
more at https://react.dev/link/wrap-tests-with-act

    [0m [90m 41 |[39m       [36mreturn[39m[33m;[39m
     [90m 42 |[39m     }
    [31m[1m>[22m[39m[90m 43 |[39m     originalError[33m.[39mcall(console[33m,[39m 
[33m...[39margs)[33m;[39m
     [90m    |[39m                   [31m[1m^[22m[39m
     [90m 44 |[39m   }[33m;[39m
     [90m 45 |[39m })[33m;[39m
     [90m 46 |[39m[0m

      at console.error (src/setupTests.ts:43:19)
      at node_modules/react-dom/cjs/react-dom-client.development.js:18758:19
      at runWithFiberInDEV (node_modules/react-dom/cjs/react-dom-client.development.js:874:13)
      at warnIfUpdatesNotWrappedWithActDEV 
(node_modules/react-dom/cjs/react-dom-client.development.js:18757:9)
      at scheduleUpdateOnFiber 
(node_modules/react-dom/cjs/react-dom-client.development.js:16409:11)
      at dispatchSetStateInternal 
(node_modules/react-dom/cjs/react-dom-client.development.js:9170:13)
      at dispatchSetState (node_modules/react-dom/cjs/react-dom-client.development.js:9127:7)
      at Object.refresh (src/hooks/useMetrics.ts:40:7)
      at Object.<anonymous> (src/hooks/__tests__/useMetrics.test.ts:163:20)

    console.error
      An update to TestComponent inside a test was not wrapped in act(...).
      
      When testing, code that causes React state updates should be wrapped into act(...):
      
      act(() => {
        /* fire events that update state */
      });
      /* assert on the output */
      
      This ensures that you're testing the behavior the user would see in the browser. Learn 
more at https://react.dev/link/wrap-tests-with-act

    [0m [90m 41 |[39m       [36mreturn[39m[33m;[39m
     [90m 42 |[39m     }
    [31m[1m>[22m[39m[90m 43 |[39m     originalError[33m.[39mcall(console[33m,[39m 
[33m...[39margs)[33m;[39m
     [90m    |[39m                   [31m[1m^[22m[39m
     [90m 44 |[39m   }[33m;[39m
     [90m 45 |[39m })[33m;[39m
     [90m 46 |[39m[0m

      at console.error (src/setupTests.ts:43:19)
      at node_modules/react-dom/cjs/react-dom-client.development.js:18758:19
      at runWithFiberInDEV (node_modules/react-dom/cjs/react-dom-client.development.js:874:13)
      at warnIfUpdatesNotWrappedWithActDEV 
(node_modules/react-dom/cjs/react-dom-client.development.js:18757:9)
      at scheduleUpdateOnFiber 
(node_modules/react-dom/cjs/react-dom-client.development.js:16409:11)
      at dispatchSetStateInternal 
(node_modules/react-dom/cjs/react-dom-client.development.js:9170:13)
      at dispatchSetState (node_modules/react-dom/cjs/react-dom-client.development.js:9127:7)
      at Object.refresh (src/hooks/useMetrics.ts:41:7)
      at Object.<anonymous> (src/hooks/__tests__/useMetrics.test.ts:163:20)

    console.log
      WebSocket disconnected

      at MockWebSocket.ws.onclose (src/hooks/useWebSocket.ts:69:17)
          at Array.forEach (<anonymous>)

    console.error
      Max reconnection attempts reached

    [0m [90m 41 |[39m       [36mreturn[39m[33m;[39m
     [90m 42 |[39m     }
    [31m[1m>[22m[39m[90m 43 |[39m     originalError[33m.[39mcall(console[33m,[39m 
[33m...[39margs)[33m;[39m
     [90m    |[39m                   [31m[1m^[22m[39m
     [90m 44 |[39m   }[33m;[39m
     [90m 45 |[39m })[33m;[39m
     [90m 46 |[39m[0m

      at console.error (src/setupTests.ts:43:19)
      at MockWebSocket.ws.onclose (src/hooks/useWebSocket.ts:84:19)
      at MockWebSocket.close (src/hooks/__tests__/useMetrics.test.ts:37:19)
      at src/hooks/useWebSocket.ts:106:21
      at src/hooks/useWebSocket.ts:128:7
      at Object.react_stack_bottom_frame 
(node_modules/react-dom/cjs/react-dom-client.development.js:26001:13)
      at runWithFiberInDEV (node_modules/react-dom/cjs/react-dom-client.development.js:874:13)
      at commitHookEffectListUnmount 
(node_modules/react-dom/cjs/react-dom-client.development.js:13316:17)
      at commitHookPassiveUnmountEffects 
(node_modules/react-dom/cjs/react-dom-client.development.js:13347:11)
      at commitPassiveUnmountOnFiber 
(node_modules/react-dom/cjs/react-dom-client.development.js:16119:13)
      at recursivelyTraversePassiveUnmountEffects 
(node_modules/react-dom/cjs/react-dom-client.development.js:16105:11)
      at commitPassiveUnmountOnFiber 
(node_modules/react-dom/cjs/react-dom-client.development.js:16127:11)
      at flushPassiveEffects 
(node_modules/react-dom/cjs/react-dom-client.development.js:18428:9)
      at flushPendingEffects 
(node_modules/react-dom/cjs/react-dom-client.development.js:18358:14)
      at performSyncWorkOnRoot 
(node_modules/react-dom/cjs/react-dom-client.development.js:18969:11)
      at flushSyncWorkAcrossRoots_impl 
(node_modules/react-dom/cjs/react-dom-client.development.js:18814:21)
      at flushSyncWork$1 (node_modules/react-dom/cjs/react-dom-client.development.js:16898:12)
      at ReactDOMRoot.process.env.NODE_ENV.ReactDOMHydrationRoot.unmount.ReactDOMRoot.unmount 
[as unmount] (node_modules/react-dom/cjs/react-dom-client.development.js:27911:11)
      at Object.unmount (node_modules/@testing-library/react/dist/pure.js:163:12)
      at node_modules/@testing-library/react/dist/pure.js:307:12
      at node_modules/@testing-library/react/dist/act-compat.js:47:24
      at process.env.NODE_ENV.exports.act (node_modules/react/cjs/react.development.js:814:22)
      at node_modules/@testing-library/react/dist/act-compat.js:46:25
      at node_modules/@testing-library/react/dist/pure.js:306:28
          at Array.forEach (<anonymous>)
      at cleanup (node_modules/@testing-library/react/dist/pure.js:302:22)
      at Object.<anonymous> (node_modules/@testing-library/react/dist/index.js:28:25)

    console.log
      WebSocket disconnected

      at MockWebSocket.ws.onclose (src/hooks/useWebSocket.ts:69:17)
          at Array.forEach (<anonymous>)

    console.error
      Max reconnection attempts reached

    [0m [90m 41 |[39m       [36mreturn[39m[33m;[39m
     [90m 42 |[39m     }
    [31m[1m>[22m[39m[90m 43 |[39m     originalError[33m.[39mcall(console[33m,[39m 
[33m...[39margs)[33m;[39m
     [90m    |[39m                   [31m[1m^[22m[39m
     [90m 44 |[39m   }[33m;[39m
     [90m 45 |[39m })[33m;[39m
     [90m 46 |[39m[0m

      at console.error (src/setupTests.ts:43:19)
      at MockWebSocket.ws.onclose (src/hooks/useWebSocket.ts:84:19)
      at MockWebSocket.close (src/hooks/__tests__/useMetrics.test.ts:37:19)
      at src/hooks/useWebSocket.ts:106:21
      at src/hooks/useWebSocket.ts:128:7
      at Object.react_stack_bottom_frame 
(node_modules/react-dom/cjs/react-dom-client.development.js:26001:13)
      at runWithFiberInDEV (node_modules/react-dom/cjs/react-dom-client.development.js:874:13)
      at commitHookEffectListUnmount 
(node_modules/react-dom/cjs/react-dom-client.development.js:13316:17)
      at commitHookPassiveUnmountEffects 
(node_modules/react-dom/cjs/react-dom-client.development.js:13347:11)
      at commitPassiveUnmountEffectsInsideOfDeletedTree_begin 
(node_modules/react-dom/cjs/react-dom-client.development.js:16264:13)
      at recursivelyTraversePassiveUnmountEffects 
(node_modules/react-dom/cjs/react-dom-client.development.js:16085:13)
      at commitPassiveUnmountOnFiber 
(node_modules/react-dom/cjs/react-dom-client.development.js:16127:11)
      at flushPassiveEffects 
(node_modules/react-dom/cjs/react-dom-client.development.js:18428:9)
      at flushPendingEffects 
(node_modules/react-dom/cjs/react-dom-client.development.js:18358:14)
      at flushSpawnedWork (node_modules/react-dom/cjs/react-dom-client.development.js:18323:44)
      at commitRoot (node_modules/react-dom/cjs/react-dom-client.development.js:17955:9)
      at performWorkOnRoot (node_modules/react-dom/cjs/react-dom-client.development.js:16667:15)
      at performSyncWorkOnRoot 
(node_modules/react-dom/cjs/react-dom-client.development.js:18972:7)
      at flushSyncWorkAcrossRoots_impl 
(node_modules/react-dom/cjs/react-dom-client.development.js:18814:21)
      at flushSyncWork$1 (node_modules/react-dom/cjs/react-dom-client.development.js:16898:12)
      at ReactDOMRoot.process.env.NODE_ENV.ReactDOMHydrationRoot.unmount.ReactDOMRoot.unmount 
[as unmount] (node_modules/react-dom/cjs/react-dom-client.development.js:27911:11)
      at Object.unmount (node_modules/@testing-library/react/dist/pure.js:163:12)
      at node_modules/@testing-library/react/dist/pure.js:307:12
      at node_modules/@testing-library/react/dist/act-compat.js:47:24
      at process.env.NODE_ENV.exports.act (node_modules/react/cjs/react.development.js:814:22)
      at node_modules/@testing-library/react/dist/act-compat.js:46:25
      at node_modules/@testing-library/react/dist/pure.js:306:28
          at Array.forEach (<anonymous>)
      at cleanup (node_modules/@testing-library/react/dist/pure.js:302:22)
      at Object.<anonymous> (node_modules/@testing-library/react/dist/index.js:28:25)

PASS src/components/__tests__/Toast.test.tsx
PASS src/pages/__tests__/DashboardPage.test.tsx
PASS src/context/__tests__/NotificationContext.test.tsx
  ΓùÅ Console

    console.error
      An update to NotificationProvider inside a test was not wrapped in act(...).
      
      When testing, code that causes React state updates should be wrapped into act(...):
      
      act(() => {
        /* fire events that update state */
      });
      /* assert on the output */
      
      This ensures that you're testing the behavior the user would see in the browser. Learn 
more at https://react.dev/link/wrap-tests-with-act

    [0m [90m 41 |[39m       [36mreturn[39m[33m;[39m
     [90m 42 |[39m     }
    [31m[1m>[22m[39m[90m 43 |[39m     originalError[33m.[39mcall(console[33m,[39m 
[33m...[39margs)[33m;[39m
     [90m    |[39m                   [31m[1m^[22m[39m
     [90m 44 |[39m   }[33m;[39m
     [90m 45 |[39m })[33m;[39m
     [90m 46 |[39m[0m

      at console.error (src/setupTests.ts:43:19)
      at node_modules/react-dom/cjs/react-dom-client.development.js:18758:19
      at runWithFiberInDEV (node_modules/react-dom/cjs/react-dom-client.development.js:874:13)
      at warnIfUpdatesNotWrappedWithActDEV 
(node_modules/react-dom/cjs/react-dom-client.development.js:18757:9)
      at scheduleUpdateOnFiber 
(node_modules/react-dom/cjs/react-dom-client.development.js:16409:11)
      at dispatchSetStateInternal 
(node_modules/react-dom/cjs/react-dom-client.development.js:9170:13)
      at dispatchSetState (node_modules/react-dom/cjs/react-dom-client.development.js:9127:7)
      at src/context/NotificationContext.tsx:73:5
      at src/context/NotificationContext.tsx:63:11
      at callTimer (node_modules/@sinonjs/fake-timers/src/fake-timers-src.js:806:24)
      at doTickInner (node_modules/@sinonjs/fake-timers/src/fake-timers-src.js:1413:29)
      at doTick (node_modules/@sinonjs/fake-timers/src/fake-timers-src.js:1494:20)
      at Object.tick (node_modules/@sinonjs/fake-timers/src/fake-timers-src.js:1502:20)
      at FakeTimers.advanceTimersByTime (node_modules/@jest/fake-timers/build/index.js:576:19)
      at Object.<anonymous> (src/context/__tests__/NotificationContext.test.tsx:208:10)

PASS src/components/__tests__/AdvancedFilters.test.tsx

Test Suites: 2 failed, 7 passed, 9 total
Tests:       2 failed, 68 passed, 70 total
Snapshots:   0 total
Time:        4.494 s
Ran all test suites.
